12.43.251.209 - - [23/Sep/2023: 4:39:47 +0000] "GET /costate HTTP/1.0" 511 1702
188.74.165.151 - - [23/Sep/2023: 4:40:47 +0000] "GET /fleeced HTTP/1.0" 302 1702
153.70.69.123 - - [23/Sep/2023: 4:41:47 +0000] "GET /Deragon HTTP/1.0" 503 1702
73.148.161.164 - - [23/Sep/2023: 4:42:47 +0000] "GET /Galidia HTTP/1.0" 403 1702
230.232.231.184 - - [23/Sep/2023: 4:43:47 +0000] "GET /backseats HTTP/1.0" 308 1702
36.75.194.161 - - [23/Sep/2023: 4:44:47 +0000] "GET /abound HTTP/1.0" 204 1702
222.126.167.16 - - [23/Sep/2023: 4:45:47 +0000] "GET /chadlock HTTP/1.0" 403 1702
196.106.42.103 - - [23/Sep/2023: 4:46:47 +0000] "GET /interrunning HTTP/1.0" 302 1702
208.57.225.166 - - [23/Sep/2023: 4:47:47 +0000] "GET /agnathic HTTP/1.0" 502 1702
182.45.170.216 - - [23/Sep/2023: 4:48:47 +0000] "GET /intercomparable HTTP/1.0" 200 1702
212.35.213.95 - - [23/Sep/2023: 4:49:47 +0000] "GET /incudes HTTP/1.0" 204 1702
156.208.116.194 - - [23/Sep/2023: 4:50:47 +0000] "GET /Cassian HTTP/1.0" 403 1702
38.229.245.223 - - [23/Sep/2023: 4:51:47 +0000] "GET /insinking HTTP/1.0" 400 1702
161.113.42.150 - - [23/Sep/2023: 4:52:47 +0000] "GET /benches HTTP/1.0" 202 1702
145.146.82.165 - - [23/Sep/2023: 4:53:47 +0000] "GET /jack-at-a-pinch HTTP/1.0" 511 1702
167.36.169.246 - - [23/Sep/2023: 4:54:47 +0000] "GET /Filaria HTTP/1.0" 505 1702
243.76.7.239 - - [23/Sep/2023: 4:55:47 +0000] "GET /benzenoid HTTP/1.0" 403 1702
79.210.20.109 - - [23/Sep/2023: 4:56:47 +0000] "GET /Demetrios HTTP/1.0" 502 1702
233.227.229.125 - - [23/Sep/2023: 4:57:47 +0000] "GET /all-acting HTTP/1.0" 202 1702
17.85.159.54 - - [23/Sep/2023: 4:58:48 +0000] "GET /breechblock HTTP/1.0" 204 1702
95.33.80.179 - - [23/Sep/2023: 4:59:48 +0000] "GET /disboard HTTP/1.0" 505 1702
31.240.121.103 - - [23/Sep/2023: 5:00:48 +0000] "GET /chattermag HTTP/1.0" 503 1702
56.102.151.160 - - [23/Sep/2023: 5:01:48 +0000] "GET /disembed HTTP/1.0" 300 1702
204.112.67.160 - - [23/Sep/2023: 5:02:48 +0000] "GET /Beard HTTP/1.0" 502 1702
134.95.110.219 - - [23/Sep/2023: 5:03:48 +0000] "GET /fulminancy HTTP/1.0" 400 1702
139.154.83.89 - - [23/Sep/2023: 5:04:48 +0000] "GET /craniotome HTTP/1.0" 404 1702
238.107.107.71 - - [23/Sep/2023: 5:05:48 +0000] "GET /Brooklynite HTTP/1.0" 505 1702
216.88.137.5 - - [23/Sep/2023: 5:06:48 +0000] "GET /agonied HTTP/1.0" 400 1702
228.126.136.250 - - [23/Sep/2023: 5:07:48 +0000] "GET /gimlet HTTP/1.0" 202 1702
234.204.216.197 - - [23/Sep/2023: 5:08:48 +0000] "GET /coffled HTTP/1.0" 400 1702
95.127.37.198 - - [23/Sep/2023: 5:09:48 +0000] "GET /Brunella HTTP/1.0" 302 1702
133.163.135.183 - - [23/Sep/2023: 5:10:48 +0000] "GET /aslope HTTP/1.0" 308 1702
19.93.53.166 - - [23/Sep/2023: 5:11:48 +0000] "GET /dehorners HTTP/1.0" 308 1702
47.110.87.120 - - [23/Sep/2023: 5:12:48 +0000] "GET /Hui HTTP/1.0" 302 1702
254.174.214.253 - - [23/Sep/2023: 5:13:48 +0000] "GET /haroseth HTTP/1.0" 500 1702
20.92.73.87 - - [23/Sep/2023: 5:14:48 +0000] "GET /camelia HTTP/1.0" 400 1702
142.212.10.236 - - [23/Sep/2023: 5:15:48 +0000] "GET /antiphagocytic HTTP/1.0" 308 1702
